2026-08-03 06:46:09.600: [INFO] OnDoneLoading sync enabled: 0
2026-08-03 06:47:05.810: [INFO] OnDoneLoading sync enabled: 0
2026-08-03 07:13:32.484: [INFO] OnDoneLoading sync enabled: 0
2026-08-03 07:13:55.356: [INFO] OnDoneLoading sync enabled: 0
2026-08-03 07:14:05.341: [INFO] OnDoneLoading sync enabled: 0
2026-08-03 07:14:23.015: [INFO] OnDoneLoading sync enabled: 0
2026-08-03 07:14:23.842: [INFO] OnDoneLoading sync enabled: 0
2026-08-03 07:48:06.669: [INFO] OnDoneLoading sync enabled: 0
2026-08-03 07:48:14.719: [INFO] OnDoneLoading sync enabled: 0
2026-08-04 00:08:21.217: [INFO] OnDoneLoading sync enabled: 0
2026-08-04 00:51:07.071: [INFO] OnDoneLoading sync enabled: 0
2026-08-05 00:40:34.217: [INFO] CurrentProfilePath: C:\lgc\java\pjt\.metadata\.plugins\org.eclipse.swt\EBWebView\Default
2026-08-05 00:40:34.217: [INFO] Profiles total count: 1
2026-08-05 00:40:34.217: [INFO] Profile: name=프로필 1 path=C:\lgc\java\pjt\.metadata\.plugins\org.eclipse.swt\EBWebView\Default lastActive=2026-08-03T07:04:10.422Z
2026-08-05 00:40:34.217: [INFO] LastUsedProfileDir: C:\lgc\java\pjt\.metadata\.plugins\org.eclipse.swt\EBWebView\Default
2026-08-05 00:40:34.217: [INFO] MostRecentlyActiveProfile: name=프로필 1 path=C:\lgc\java\pjt\.metadata\.plugins\org.eclipse.swt\EBWebView\Default lastActive=2026-08-03T07:04:10.422Z
2026-08-05 00:40:34.217: [INFO] OnDoneLoading sync enabled: 0
2026-08-05 00:40:34.217: [INFO] BookmarkModelLoaded, ids_reassigned: 0
2026-08-05 00:40:34.217: [INFO] BookmarksLoadDropped droppedNodes=0
2026-08-05 00:40:34.217: [INFO] BookmarksSnapshot Startup total=0 bar=0 other=0 mobile=0 showBar=0 showBarNTP=1
2026-08-05 01:27:53.322: [INFO] BookmarksSnapshot Shutdown total=0 bar=0 other=0 mobile=0 showBar=0 showBarNTP=1
2026-08-05 01:27:53.400: [INFO] CurrentProfilePath: C:\lgc\java\pjt\.metadata\.plugins\org.eclipse.swt\EBWebView\Default
2026-08-05 01:27:53.400: [INFO] Profiles total count: 1
2026-08-05 01:27:53.400: [INFO] Profile: name=프로필 1 path=C:\lgc\java\pjt\.metadata\.plugins\org.eclipse.swt\EBWebView\Default lastActive=2026-08-03T07:04:10.422Z
2026-08-05 01:27:53.400: [INFO] LastUsedProfileDir: C:\lgc\java\pjt\.metadata\.plugins\org.eclipse.swt\EBWebView\Default
2026-08-05 01:27:53.400: [INFO] MostRecentlyActiveProfile: name=프로필 1 path=C:\lgc\java\pjt\.metadata\.plugins\org.eclipse.swt\EBWebView\Default lastActive=2026-08-03T07:04:10.422Z
2026-08-05 01:27:53.400: [INFO] OnDoneLoading sync enabled: 0
2026-08-05 01:27:53.400: [INFO] BookmarkModelLoaded, ids_reassigned: 0
2026-08-05 01:27:53.400: [INFO] BookmarksLoadDropped droppedNodes=0
2026-08-05 01:27:53.400: [INFO] BookmarksSnapshot Startup total=0 bar=0 other=0 mobile=0 showBar=0 showBarNTP=1
2026-08-05 01:31:37.379: [INFO] BookmarksSnapshot Shutdown total=0 bar=0 other=0 mobile=0 showBar=0 showBarNTP=1
2026-08-05 01:35:20.593: [INFO] CurrentProfilePath: C:\lgc\java\pjt\.metadata\.plugins\org.eclipse.swt\EBWebView\Default
2026-08-05 01:35:20.593: [INFO] Profiles total count: 1
2026-08-05 01:35:20.593: [INFO] Profile: name=프로필 1 path=C:\lgc\java\pjt\.metadata\.plugins\org.eclipse.swt\EBWebView\Default lastActive=2026-08-03T07:04:10.422Z
2026-08-05 01:35:20.593: [INFO] LastUsedProfileDir: C:\lgc\java\pjt\.metadata\.plugins\org.eclipse.swt\EBWebView\Default
2026-08-05 01:35:20.593: [INFO] MostRecentlyActiveProfile: name=프로필 1 path=C:\lgc\java\pjt\.metadata\.plugins\org.eclipse.swt\EBWebView\Default lastActive=2026-08-03T07:04:10.422Z
2026-08-05 01:35:20.593: [INFO] OnDoneLoading sync enabled: 0
2026-08-05 01:35:20.593: [INFO] BookmarkModelLoaded, ids_reassigned: 0
2026-08-05 01:35:20.593: [INFO] BookmarksLoadDropped droppedNodes=0
2026-08-05 01:35:20.593: [INFO] BookmarksSnapshot Startup total=0 bar=0 other=0 mobile=0 showBar=0 showBarNTP=1
2026-08-05 01:35:25.862: [INFO] BookmarksSnapshot Shutdown total=0 bar=0 other=0 mobile=0 showBar=0 showBarNTP=1
2026-08-05 01:36:48.443: [INFO] CurrentProfilePath: C:\lgc\java\pjt\.metadata\.plugins\org.eclipse.swt\EBWebView\Default
2026-08-05 01:36:48.443: [INFO] Profiles total count: 1
2026-08-05 01:36:48.443: [INFO] Profile: name=프로필 1 path=C:\lgc\java\pjt\.metadata\.plugins\org.eclipse.swt\EBWebView\Default lastActive=2026-08-03T07:04:10.422Z
2026-08-05 01:36:48.443: [INFO] LastUsedProfileDir: C:\lgc\java\pjt\.metadata\.plugins\org.eclipse.swt\EBWebView\Default
2026-08-05 01:36:48.444: [INFO] MostRecentlyActiveProfile: name=프로필 1 path=C:\lgc\java\pjt\.metadata\.plugins\org.eclipse.swt\EBWebView\Default lastActive=2026-08-03T07:04:10.422Z
2026-08-05 01:36:48.444: [INFO] OnDoneLoading sync enabled: 0
2026-08-05 01:36:48.444: [INFO] BookmarkModelLoaded, ids_reassigned: 0
2026-08-05 01:36:48.444: [INFO] BookmarksLoadDropped droppedNodes=0
2026-08-05 01:36:48.444: [INFO] BookmarksSnapshot Startup total=0 bar=0 other=0 mobile=0 showBar=0 showBarNTP=1
2026-08-05 01:36:48.552: [INFO] BookmarksSnapshot Shutdown total=0 bar=0 other=0 mobile=0 showBar=0 showBarNTP=1
2026-08-05 01:41:33.223: [INFO] CurrentProfilePath: C:\lgc\java\pjt\.metadata\.plugins\org.eclipse.swt\EBWebView\Default
2026-08-05 01:41:33.223: [INFO] Profiles total count: 1
2026-08-05 01:41:33.224: [INFO] Profile: name=프로필 1 path=C:\lgc\java\pjt\.metadata\.plugins\org.eclipse.swt\EBWebView\Default lastActive=2026-08-03T07:04:10.422Z
2026-08-05 01:41:33.224: [INFO] LastUsedProfileDir: C:\lgc\java\pjt\.metadata\.plugins\org.eclipse.swt\EBWebView\Default
2026-08-05 01:41:33.224: [INFO] MostRecentlyActiveProfile: name=프로필 1 path=C:\lgc\java\pjt\.metadata\.plugins\org.eclipse.swt\EBWebView\Default lastActive=2026-08-03T07:04:10.422Z
2026-08-05 01:41:33.224: [INFO] OnDoneLoading sync enabled: 0
2026-08-05 01:41:33.224: [INFO] BookmarkModelLoaded, ids_reassigned: 0
2026-08-05 01:41:33.224: [INFO] BookmarksLoadDropped droppedNodes=0
2026-08-05 01:41:33.224: [INFO] BookmarksSnapshot Startup total=0 bar=0 other=0 mobile=0 showBar=0 showBarNTP=1
2026-08-05 01:45:10.007: [INFO] BookmarksSnapshot Shutdown total=0 bar=0 other=0 mobile=0 showBar=0 showBarNTP=1
2026-08-05 01:47:19.809: [INFO] CurrentProfilePath: C:\lgc\java\pjt\.metadata\.plugins\org.eclipse.swt\EBWebView\Default
2026-08-05 01:47:19.809: [INFO] Profiles total count: 1
2026-08-05 01:47:19.809: [INFO] Profile: name=프로필 1 path=C:\lgc\java\pjt\.metadata\.plugins\org.eclipse.swt\EBWebView\Default lastActive=2026-08-03T07:04:10.422Z
2026-08-05 01:47:19.809: [INFO] LastUsedProfileDir: C:\lgc\java\pjt\.metadata\.plugins\org.eclipse.swt\EBWebView\Default
2026-08-05 01:47:19.809: [INFO] MostRecentlyActiveProfile: name=프로필 1 path=C:\lgc\java\pjt\.metadata\.plugins\org.eclipse.swt\EBWebView\Default lastActive=2026-08-03T07:04:10.422Z
2026-08-05 01:47:19.810: [INFO] OnDoneLoading sync enabled: 0
2026-08-05 01:47:19.810: [INFO] BookmarkModelLoaded, ids_reassigned: 0
2026-08-05 01:47:19.810: [INFO] BookmarksLoadDropped droppedNodes=0
2026-08-05 01:47:19.810: [INFO] BookmarksSnapshot Startup total=0 bar=0 other=0 mobile=0 showBar=0 showBarNTP=1
2026-08-05 01:58:19.878: [INFO] BookmarksSnapshot Shutdown total=0 bar=0 other=0 mobile=0 showBar=0 showBarNTP=1
2026-08-05 01:58:19.946: [INFO] CurrentProfilePath: C:\lgc\java\pjt\.metadata\.plugins\org.eclipse.swt\EBWebView\Default
2026-08-05 01:58:19.946: [INFO] Profiles total count: 1
2026-08-05 01:58:19.946: [INFO] Profile: name=프로필 1 path=C:\lgc\java\pjt\.metadata\.plugins\org.eclipse.swt\EBWebView\Default lastActive=2026-08-03T07:04:10.422Z
2026-08-05 01:58:19.946: [INFO] LastUsedProfileDir: C:\lgc\java\pjt\.metadata\.plugins\org.eclipse.swt\EBWebView\Default
2026-08-05 01:58:19.946: [INFO] MostRecentlyActiveProfile: name=프로필 1 path=C:\lgc\java\pjt\.metadata\.plugins\org.eclipse.swt\EBWebView\Default lastActive=2026-08-03T07:04:10.422Z
2026-08-05 01:58:19.946: [INFO] OnDoneLoading sync enabled: 0
2026-08-05 01:58:19.946: [INFO] BookmarkModelLoaded, ids_reassigned: 0
2026-08-05 01:58:19.946: [INFO] BookmarksLoadDropped droppedNodes=0
2026-08-05 01:58:19.946: [INFO] BookmarksSnapshot Startup total=0 bar=0 other=0 mobile=0 showBar=0 showBarNTP=1
2026-08-05 09:15:17.988: [INFO] BookmarksSnapshot Shutdown total=0 bar=0 other=0 mobile=0 showBar=0 showBarNTP=1
2026-08-06 01:17:40.823: [INFO] CurrentProfilePath: C:\lgc\java\pjt\.metadata\.plugins\org.eclipse.swt\EBWebView\Default
2026-08-06 01:17:40.823: [INFO] Profiles total count: 1
2026-08-06 01:17:40.824: [INFO] Profile: name=프로필 1 path=C:\lgc\java\pjt\.metadata\.plugins\org.eclipse.swt\EBWebView\Default lastActive=2026-08-03T07:04:10.422Z
2026-08-06 01:17:40.824: [INFO] LastUsedProfileDir: C:\lgc\java\pjt\.metadata\.plugins\org.eclipse.swt\EBWebView\Default
2026-08-06 01:17:40.824: [INFO] MostRecentlyActiveProfile: name=프로필 1 path=C:\lgc\java\pjt\.metadata\.plugins\org.eclipse.swt\EBWebView\Default lastActive=2026-08-03T07:04:10.422Z
2026-08-06 01:17:40.824: [INFO] OnDoneLoading sync enabled: 0
2026-08-06 01:17:40.824: [INFO] BookmarkModelLoaded, ids_reassigned: 0
2026-08-06 01:17:40.824: [INFO] BookmarksLoadDropped droppedNodes=0
2026-08-06 01:17:40.824: [INFO] BookmarksSnapshot Startup total=0 bar=0 other=0 mobile=0 showBar=0 showBarNTP=1
2026-08-06 01:19:53.829: [INFO] BookmarksSnapshot Shutdown total=0 bar=0 other=0 mobile=0 showBar=0 showBarNTP=1
2026-08-06 01:20:08.456: [INFO] CurrentProfilePath: C:\lgc\java\pjt\.metadata\.plugins\org.eclipse.swt\EBWebView\Default
2026-08-06 01:20:08.456: [INFO] Profiles total count: 1
2026-08-06 01:20:08.457: [INFO] Profile: name=프로필 1 path=C:\lgc\java\pjt\.metadata\.plugins\org.eclipse.swt\EBWebView\Default lastActive=2026-08-03T07:04:10.422Z
2026-08-06 01:20:08.457: [INFO] LastUsedProfileDir: C:\lgc\java\pjt\.metadata\.plugins\org.eclipse.swt\EBWebView\Default
2026-08-06 01:20:08.457: [INFO] MostRecentlyActiveProfile: name=프로필 1 path=C:\lgc\java\pjt\.metadata\.plugins\org.eclipse.swt\EBWebView\Default lastActive=2026-08-03T07:04:10.422Z
2026-08-06 01:20:08.457: [INFO] OnDoneLoading sync enabled: 0
2026-08-06 01:20:08.457: [INFO] BookmarkModelLoaded, ids_reassigned: 0
2026-08-06 01:20:08.457: [INFO] BookmarksLoadDropped droppedNodes=0
2026-08-06 01:20:08.457: [INFO] BookmarksSnapshot Startup total=0 bar=0 other=0 mobile=0 showBar=0 showBarNTP=1
2026-08-06 01:41:02.719: [INFO] BookmarksSnapshot Shutdown total=0 bar=0 other=0 mobile=0 showBar=0 showBarNTP=1
2026-08-06 01:41:11.199: [INFO] CurrentProfilePath: C:\lgc\java\pjt\.metadata\.plugins\org.eclipse.swt\EBWebView\Default
2026-08-06 01:41:11.199: [INFO] Profiles total count: 1
2026-08-06 01:41:11.199: [INFO] Profile: name=프로필 1 path=C:\lgc\java\pjt\.metadata\.plugins\org.eclipse.swt\EBWebView\Default lastActive=2026-08-03T07:04:10.422Z
2026-08-06 01:41:11.199: [INFO] LastUsedProfileDir: C:\lgc\java\pjt\.metadata\.plugins\org.eclipse.swt\EBWebView\Default
2026-08-06 01:41:11.199: [INFO] MostRecentlyActiveProfile: name=프로필 1 path=C:\lgc\java\pjt\.metadata\.plugins\org.eclipse.swt\EBWebView\Default lastActive=2026-08-03T07:04:10.422Z
2026-08-06 01:41:11.199: [INFO] OnDoneLoading sync enabled: 0
2026-08-06 01:41:11.199: [INFO] BookmarkModelLoaded, ids_reassigned: 0
2026-08-06 01:41:11.199: [INFO] BookmarksLoadDropped droppedNodes=0
2026-08-06 01:41:11.199: [INFO] BookmarksSnapshot Startup total=0 bar=0 other=0 mobile=0 showBar=0 showBarNTP=1
2026-08-06 01:43:54.999: [INFO] BookmarksSnapshot Shutdown total=0 bar=0 other=0 mobile=0 showBar=0 showBarNTP=1
2026-08-06 01:49:32.637: [INFO] CurrentProfilePath: C:\lgc\java\pjt\.metadata\.plugins\org.eclipse.swt\EBWebView\Default
2026-08-06 01:49:32.637: [INFO] Profiles total count: 1
2026-08-06 01:49:32.637: [INFO] Profile: name=프로필 1 path=C:\lgc\java\pjt\.metadata\.plugins\org.eclipse.swt\EBWebView\Default lastActive=2026-08-03T07:04:10.422Z
2026-08-06 01:49:32.637: [INFO] LastUsedProfileDir: C:\lgc\java\pjt\.metadata\.plugins\org.eclipse.swt\EBWebView\Default
2026-08-06 01:49:32.637: [INFO] MostRecentlyActiveProfile: name=프로필 1 path=C:\lgc\java\pjt\.metadata\.plugins\org.eclipse.swt\EBWebView\Default lastActive=2026-08-03T07:04:10.422Z
2026-08-06 01:49:32.637: [INFO] OnDoneLoading sync enabled: 0
2026-08-06 01:49:32.637: [INFO] BookmarkModelLoaded, ids_reassigned: 0
2026-08-06 01:49:32.637: [INFO] BookmarksLoadDropped droppedNodes=0
2026-08-06 01:49:32.637: [INFO] BookmarksSnapshot Startup total=0 bar=0 other=0 mobile=0 showBar=0 showBarNTP=1
2026-08-06 01:49:35.065: [INFO] BookmarksSnapshot Shutdown total=0 bar=0 other=0 mobile=0 showBar=0 showBarNTP=1
2026-08-06 02:13:59.279: [INFO] CurrentProfilePath: C:\lgc\java\pjt\.metadata\.plugins\org.eclipse.swt\EBWebView\Default
2026-08-06 02:13:59.279: [INFO] Profiles total count: 1
2026-08-06 02:13:59.280: [INFO] Profile: name=프로필 1 path=C:\lgc\java\pjt\.metadata\.plugins\org.eclipse.swt\EBWebView\Default lastActive=2026-08-03T07:04:10.422Z
2026-08-06 02:13:59.280: [INFO] LastUsedProfileDir: C:\lgc\java\pjt\.metadata\.plugins\org.eclipse.swt\EBWebView\Default
2026-08-06 02:13:59.280: [INFO] MostRecentlyActiveProfile: name=프로필 1 path=C:\lgc\java\pjt\.metadata\.plugins\org.eclipse.swt\EBWebView\Default lastActive=2026-08-03T07:04:10.422Z
2026-08-06 02:13:59.280: [INFO] OnDoneLoading sync enabled: 0
2026-08-06 02:13:59.280: [INFO] BookmarkModelLoaded, ids_reassigned: 0
2026-08-06 02:13:59.280: [INFO] BookmarksLoadDropped droppedNodes=0
2026-08-06 02:13:59.280: [INFO] BookmarksSnapshot Startup total=0 bar=0 other=0 mobile=0 showBar=0 showBarNTP=1
2026-08-06 02:15:15.415: [INFO] BookmarksSnapshot Shutdown total=0 bar=0 other=0 mobile=0 showBar=0 showBarNTP=1
2026-08-06 02:18:39.488: [INFO] CurrentProfilePath: C:\lgc\java\pjt\.metadata\.plugins\org.eclipse.swt\EBWebView\Default
2026-08-06 02:18:39.488: [INFO] Profiles total count: 1
2026-08-06 02:18:39.489: [INFO] Profile: name=프로필 1 path=C:\lgc\java\pjt\.metadata\.plugins\org.eclipse.swt\EBWebView\Default lastActive=2026-08-03T07:04:10.422Z
2026-08-06 02:18:39.489: [INFO] LastUsedProfileDir: C:\lgc\java\pjt\.metadata\.plugins\org.eclipse.swt\EBWebView\Default
2026-08-06 02:18:39.489: [INFO] MostRecentlyActiveProfile: name=프로필 1 path=C:\lgc\java\pjt\.metadata\.plugins\org.eclipse.swt\EBWebView\Default lastActive=2026-08-03T07:04:10.422Z
2026-08-06 02:18:39.489: [INFO] OnDoneLoading sync enabled: 0
2026-08-06 02:18:39.489: [INFO] BookmarkModelLoaded, ids_reassigned: 0
2026-08-06 02:18:39.489: [INFO] BookmarksLoadDropped droppedNodes=0
2026-08-06 02:18:39.489: [INFO] BookmarksSnapshot Startup total=0 bar=0 other=0 mobile=0 showBar=0 showBarNTP=1
2026-08-06 02:18:39.606: [INFO] BookmarksSnapshot Shutdown total=0 bar=0 other=0 mobile=0 showBar=0 showBarNTP=1
2026-08-06 02:19:24.191: [INFO] CurrentProfilePath: C:\lgc\java\pjt\.metadata\.plugins\org.eclipse.swt\EBWebView\Default
2026-08-06 02:19:24.191: [INFO] Profiles total count: 1
2026-08-06 02:19:24.192: [INFO] Profile: name=프로필 1 path=C:\lgc\java\pjt\.metadata\.plugins\org.eclipse.swt\EBWebView\Default lastActive=2026-08-03T07:04:10.422Z
2026-08-06 02:19:24.192: [INFO] LastUsedProfileDir: C:\lgc\java\pjt\.metadata\.plugins\org.eclipse.swt\EBWebView\Default
2026-08-06 02:19:24.192: [INFO] MostRecentlyActiveProfile: name=프로필 1 path=C:\lgc\java\pjt\.metadata\.plugins\org.eclipse.swt\EBWebView\Default lastActive=2026-08-03T07:04:10.422Z
2026-08-06 02:19:24.192: [INFO] OnDoneLoading sync enabled: 0
2026-08-06 02:19:24.192: [INFO] BookmarkModelLoaded, ids_reassigned: 0
2026-08-06 02:19:24.192: [INFO] BookmarksLoadDropped droppedNodes=0
2026-08-06 02:19:24.192: [INFO] BookmarksSnapshot Startup total=0 bar=0 other=0 mobile=0 showBar=0 showBarNTP=1
2026-08-06 02:19:27.157: [INFO] BookmarksSnapshot Shutdown total=0 bar=0 other=0 mobile=0 showBar=0 showBarNTP=1
2026-08-06 02:19:45.934: [INFO] CurrentProfilePath: C:\lgc\java\pjt\.metadata\.plugins\org.eclipse.swt\EBWebView\Default
2026-08-06 02:19:45.935: [INFO] Profiles total count: 1
2026-08-06 02:19:45.935: [INFO] Profile: name=프로필 1 path=C:\lgc\java\pjt\.metadata\.plugins\org.eclipse.swt\EBWebView\Default lastActive=2026-08-03T07:04:10.422Z
2026-08-06 02:19:45.935: [INFO] LastUsedProfileDir: C:\lgc\java\pjt\.metadata\.plugins\org.eclipse.swt\EBWebView\Default
2026-08-06 02:19:45.935: [INFO] MostRecentlyActiveProfile: name=프로필 1 path=C:\lgc\java\pjt\.metadata\.plugins\org.eclipse.swt\EBWebView\Default lastActive=2026-08-03T07:04:10.422Z
2026-08-06 02:19:45.935: [INFO] OnDoneLoading sync enabled: 0
2026-08-06 02:19:45.935: [INFO] BookmarkModelLoaded, ids_reassigned: 0
2026-08-06 02:19:45.935: [INFO] BookmarksLoadDropped droppedNodes=0
2026-08-06 02:19:45.935: [INFO] BookmarksSnapshot Startup total=0 bar=0 other=0 mobile=0 showBar=0 showBarNTP=1
2026-08-06 08:26:02.026: [INFO] BookmarksSnapshot Shutdown total=0 bar=0 other=0 mobile=0 showBar=0 showBarNTP=1
2026-08-07 00:25:43.183: [INFO] CurrentProfilePath: C:\lgc\java\pjt\.metadata\.plugins\org.eclipse.swt\EBWebView\Default
2026-08-07 00:25:43.183: [INFO] Profiles total count: 1
2026-08-07 00:25:43.184: [INFO] Profile: name=프로필 1 path=C:\lgc\java\pjt\.metadata\.plugins\org.eclipse.swt\EBWebView\Default lastActive=2026-08-03T07:04:10.422Z
2026-08-07 00:25:43.184: [INFO] LastUsedProfileDir: C:\lgc\java\pjt\.metadata\.plugins\org.eclipse.swt\EBWebView\Default
2026-08-07 00:25:43.184: [INFO] MostRecentlyActiveProfile: name=프로필 1 path=C:\lgc\java\pjt\.metadata\.plugins\org.eclipse.swt\EBWebView\Default lastActive=2026-08-03T07:04:10.422Z
2026-08-07 00:25:43.184: [INFO] OnDoneLoading sync enabled: 0
2026-08-07 00:25:43.184: [INFO] BookmarkModelLoaded, ids_reassigned: 0
2026-08-07 00:25:43.184: [INFO] BookmarksLoadDropped droppedNodes=0
2026-08-07 00:25:43.184: [INFO] BookmarksSnapshot Startup total=0 bar=0 other=0 mobile=0 showBar=0 showBarNTP=1
2026-08-07 00:33:12.267: [INFO] BookmarksSnapshot Shutdown total=0 bar=0 other=0 mobile=0 showBar=0 showBarNTP=1
2026-08-07 01:09:38.496: [INFO] CurrentProfilePath: C:\lgc\java\pjt\.metadata\.plugins\org.eclipse.swt\EBWebView\Default
2026-08-07 01:09:38.496: [INFO] Profiles total count: 1
2026-08-07 01:09:38.497: [INFO] Profile: name=프로필 1 path=C:\lgc\java\pjt\.metadata\.plugins\org.eclipse.swt\EBWebView\Default lastActive=2026-08-03T07:04:10.422Z
2026-08-07 01:09:38.497: [INFO] LastUsedProfileDir: C:\lgc\java\pjt\.metadata\.plugins\org.eclipse.swt\EBWebView\Default
2026-08-07 01:09:38.497: [INFO] MostRecentlyActiveProfile: name=프로필 1 path=C:\lgc\java\pjt\.metadata\.plugins\org.eclipse.swt\EBWebView\Default lastActive=2026-08-03T07:04:10.422Z
2026-08-07 01:09:38.497: [INFO] OnDoneLoading sync enabled: 0
2026-08-07 01:09:38.497: [INFO] BookmarkModelLoaded, ids_reassigned: 0
2026-08-07 01:09:38.497: [INFO] BookmarksLoadDropped droppedNodes=0
2026-08-07 01:09:38.497: [INFO] BookmarksSnapshot Startup total=0 bar=0 other=0 mobile=0 showBar=0 showBarNTP=1
2026-08-07 01:11:30.535: [INFO] BookmarksSnapshot Shutdown total=0 bar=0 other=0 mobile=0 showBar=0 showBarNTP=1
2026-08-07 01:18:45.380: [INFO] CurrentProfilePath: C:\lgc\java\pjt\.metadata\.plugins\org.eclipse.swt\EBWebView\Default
2026-08-07 01:18:45.380: [INFO] Profiles total count: 1
2026-08-07 01:18:45.380: [INFO] Profile: name=프로필 1 path=C:\lgc\java\pjt\.metadata\.plugins\org.eclipse.swt\EBWebView\Default lastActive=2026-08-03T07:04:10.422Z
2026-08-07 01:18:45.380: [INFO] LastUsedProfileDir: C:\lgc\java\pjt\.metadata\.plugins\org.eclipse.swt\EBWebView\Default
2026-08-07 01:18:45.381: [INFO] MostRecentlyActiveProfile: name=프로필 1 path=C:\lgc\java\pjt\.metadata\.plugins\org.eclipse.swt\EBWebView\Default lastActive=2026-08-03T07:04:10.422Z
2026-08-07 01:18:45.381: [INFO] OnDoneLoading sync enabled: 0
2026-08-07 01:18:45.381: [INFO] BookmarkModelLoaded, ids_reassigned: 0
2026-08-07 01:18:45.381: [INFO] BookmarksLoadDropped droppedNodes=0
2026-08-07 01:18:45.381: [INFO] BookmarksSnapshot Startup total=0 bar=0 other=0 mobile=0 showBar=0 showBarNTP=1
2026-08-07 07:58:52.929: [INFO] BookmarksSnapshot Shutdown total=0 bar=0 other=0 mobile=0 showBar=0 showBarNTP=1
